dn: cn=Jennifer Smith,ou=Alumni Association,ou=People,o=University of Michigan
 ,c=US
objectClass: OpenLDAPperson
cn: Jennifer Smith
cn: Jen Smith
sn: Smith
uid: jen
postalAddress: Alumni Association $ 111 Maple St $ Ann Arbor, MI 48109
seeAlso: cn=All Staff,ou=Groups,o=University of Michigan,c=US
drink: Sam Adams
homePostalAddress: 1000 Maple #44 $ Ann Arbor, MI 48103
title: Telemarketer, UM Alumni Association
mail: jen@mail.alumni.example.com
homePhone: +1 313 555 2333
pager: +1 313 555 6442
facsimileTelephoneNumber: +1 313 555 2756
telephoneNumber: +1 313 555 8232
userCertificate;binary:: MIIDajCCAtOgAwIBAgIBATANBgkqhkiG9w0BAQQFADB2MQswCQYDV
 QQGEwJVUzETMBEGA1UECBMKU29tZS1TdGF0ZTEhMB8GA1UEChMYSW50ZXJuZXQgV2lkZ2l0cyBQdH
 kgTHRkMRAwDgYDVQQDEwdJV1BMIENBMR0wGwYJKoZIhvcNAQkBFg5jYUBleGFtcGxlLm5ldDAeFw0
 wMzEwMTYyMjM4MzFaFw0wNDEwMTUyMjM4MzFaMH8xCzAJBgNVBAYTAlVTMRMwEQYDVQQIEwpTb21l
 LVN0YXRlMSEwHwYDVQQKExhJbnRlcm5ldCBXaWRnaXRzIFB0eSBMdGQxGDAWBgNVBAMTD0plbm5pZ
 mllciBTbWl0aDEeMBwGCSqGSIb3DQEJARYPamVuQGV4YW1wbGUubmV0MIGfMA0GCSqGSIb3DQEBAQ
 UAA4GNADCBiQKBgQC45An7/kRRHxiLIKR6yMfIVpGhkacWlKRFgkrzF5q9lcou+2NVZvuJDtMz36a
 11EgQmRJzx39oh7Eg4ZHLAHk4OoPfcwfHQ0FHCOaU6uSE6EFqLC1CjbquZPRpwLnurf2EB0GpZTo+
 bJZHvk6tA8SykUd+9qFMmX5As41JOOifjwIDAQABo4H+MIH7MAkGA1UdEwQCMAAwLAYJYIZIAYb4Q
 gENBB8WHU9wZW5TU0wgR2VuZXJhdGVkIENlcnRpZmljYXRlMB0GA1UdDgQWBBS/e4vtKxSvjrV2JH
 ghV/jgTEVMajCBoAYDVR0jBIGYMIGVgBQufFvScUL0ktR2YafMec94YPIrF6F6pHgwdjELMAkGA1U
 EBhMCVVMxEzARBgNVBAgTClNvbWUtU3RhdGUxITAfBgNVBAoTGEludGVybmV0IFdpZGdpdHMgUHR5
 IEx0ZDEQMA4GA1UEAxMHSVdQTCBDQTEdMBsGCSqGSIb3DQEJARYOY2FAZXhhbXBsZS5uZXSCAQAwD
 QYJKoZIhvcNAQEEBQADgYEAbbGierD9QwK2cRnVr+Gs7dcbaRtuzriLIAgnR/s2t4Py0hpnySnyBV
 ENXkzcgt7OIFEyF9ubRIe8YMfmLAO3yHxNyv4WaGTUVE0o54mZ5GaaIY2ibl7NK48u9VC/59pfxIs
 oi2m4HHbY1MD54XRy2CANELBVFI3CI4raj3/UiiA=
userCertificate;binary:: MIIDaTCCAtKgAwIBAgIBAjANBgkqhkiG9w0BAQQFADB2MQswCQYDV
 QQGEwJVUzETMBEGA1UECBMKU29tZS1TdGF0ZTEhMB8GA1UEChMYSW50ZXJuZXQgV2lkZ2l0cyBQdH
 kgTHRkMRAwDgYDVQQDEwdJV1BMIENBMR0wGwYJKoZIhvcNAQkBFg5jYUBleGFtcGxlLm5ldDAeFw0
 wMzEwMTYyMjQwMzNaFw0wNDEwMTUyMjQwMzNaMH4xCzAJBgNVBAYTAlVTMRMwEQYDVQQIEwpTb21l
 LVN0YXRlMSEwHwYDVQQKExhJbnRlcm5ldCBXaWRnaXRzIFB0eSBMdGQxFzAVBgNVBAMTDkplbm5pZ
 mVyIFNtaXRoMR4wHAYJKoZIhvcNAQkBFg9qZW5AZXhhbXBsZS5uZXQwgZ8wDQYJKoZIhvcNAQEBBQ
 ADgY0AMIGJAoGBAMiamobs0kC0Q/78yocNvf0iTI5x9efB3tMwsxweLg93KbuNBeFn2mczzQvuzvh
 s+PLnfKxAyWbkeZrqw0Ve1h8ZXSHWSFg75UOFbo4wevuoYEtqmMupFEwT4rdf8Ykt5Rq1PyUJ5LgS
 Ne0TMSqCYwTuo7+OunC/5YamsIbkKcsFAgMBAAGjgf4wgfswCQYDVR0TBAIwADAsBglghkgBhvhCA
 Q0EHxYdT3BlblNTTCBHZW5lcmF0ZWQgQ2VydGlmaWNhdGUwHQYDVR0OBBYEFDx71116utXKGemZrZ
 Vxp3p9NqU5MIGgBgNVHSMEgZgwgZWAFC58W9JxQvSS1HZhp8x5z3hg8isXoXqkeDB2MQswCQYDVQQ
 GEwJVUzETMBEGA1UECBMKU29tZS1TdGF0ZTEhMB8GA1UEChMYSW50ZXJuZXQgV2lkZ2l0cyBQdHkg
 THRkMRAwDgYDVQQDEwdJV1BMIENBMR0wGwYJKoZIhvcNAQkBFg5jYUBleGFtcGxlLm5ldIIBADANB
 gkqhkiG9w0BAQQFAAOBgQAPDn0+fm/GYV6elg3XFJgGA3wrVm4TeQQ8BdmIhqf25DUn/3ja3SBGI0
 7DWz+LlYE/JzDEU+1UiYAfGgp7CnzKBzCUL0jyamgj11I6OyaYBdOsEGx1MFLjsOa+TCQS1f2v1gG
 Cs/k0a/b3RRCTyoUfPHxJ0M6Cw9SGXu2K8GtHYA==

dn: cn=Ursula Hampster,ou=Alumni Association,ou=People,o=University of Michiga
 n,c=US
objectClass: OpenLDAPperson
cn: Ursula Hampster
sn: Hampster
uid: uham
title: Secretary, UM Alumni Association
postalAddress: Alumni Association $ 111 Maple St $ Ann Arbor, MI 48109
seeAlso: cn=All Staff,ou=Groups,o=University of Michigan,c=US
homePostalAddress: 123 Anystreet $ Ann Arbor, MI 48104
mail: uham@mail.alumni.example.com
homePhone: +1 313 555 8421
pager: +1 313 555 2844
facsimileTelephoneNumber: +1 313 555 9700
telephoneNumber: +1 313 555 5331
userCertificate;binary:: MIIDbDCCAtWgAwIBAgIBAzANBgkqhkiG9w0BAQQFADB2MQswCQYDV
 QQGEwJVUzETMBEGA1UECBMKU29tZS1TdGF0ZTEhMB8GA1UEChMYSW50ZXJuZXQgV2lkZ2l0cyBQdH
 kgTHRkMRAwDgYDVQQDEwdJV1BMIENBMR0wGwYJKoZIhvcNAQkBFg5jYUBleGFtcGxlLm5ldDAeFw0
 wMzEwMTYyMjQ0MThaFw0wNDEwMTUyMjQ0MThaMIGAMQswCQYDVQQGEwJVUzETMBEGA1UECBMKU29t
 ZS1TdGF0ZTEhMB8GA1UEChMYSW50ZXJuZXQgV2lkZ2l0cyBQdHkgTHRkMRgwFgYDVQQDEw9VcnN1b
 GEgSGFtcHN0ZXIxHzAdBgkqhkiG9w0BCQEWEHVoYW1AZXhhbXBsZS5jb20wgZ8wDQYJKoZIhvcNAQ
 EBBQADgY0AMIGJAoGBAOftC+ppQ3/ZeWJRfs93FACCYAn9ajEtHy3A4GutavSQ1eLqlsU9wEkb8aE
 vRtOQ9BwTjaJc+0JJ53uB6th7f5Tl7LNgjsbVR5Ef3ucsdX2ulfCwm4Mun5Us/AK6QeYnyn+cimdP
 aWdS2XnopiAvvOmlnEDfDuFD3XNVs8MLuQ99AgMBAAGjgf4wgfswCQYDVR0TBAIwADAsBglghkgBh
 vhCAQ0EHxYdT3BlblNTTCBHZW5lcmF0ZWQgQ2VydGlmaWNhdGUwHQYDVR0OBBYEFI9vudD6euL2Lx
 IhghjKii+3J4yqMIGgBgNVHSMEgZgwgZWAFC58W9JxQvSS1HZhp8x5z3hg8isXoXqkeDB2MQswCQY
 DVQQGEwJVUzETMBEGA1UECBMKU29tZS1TdGF0ZTEhMB8GA1UEChMYSW50ZXJuZXQgV2lkZ2l0cyBQ
 dHkgTHRkMRAwDgYDVQQDEwdJV1BMIENBMR0wGwYJKoZIhvcNAQkBFg5jYUBleGFtcGxlLm5ldIIBA
 DANBgkqhkiG9w0BAQQFAAOBgQAnYYHkbAWFdgelG/MnYISPU48XBTxZv3dcLh9cx+J/gp1Vhggkxs
 EVaPQlhlnQCfQwtM1h4j4cSVM8Tdceif93+uF48Arl6oQe5c63MoPIZD56vJkAlg+RiAFPDy6FjX6
 otjpIpW3u5GeGzaDLDBn5rlUXr0kED7Ool7R9Javxzg==

